

================================================================
== Vitis HLS Report for 'test_scalaire_Pipeline_main_loop'
================================================================
* Date:           Mon Jan 24 01:56:48 2022

* Version:        2021.1 (Build 3247384 on Thu Jun 10 19:36:33 MDT 2021)
* Project:        mk1
* Solution:       solution1 (Vivado IP Flow Target)
* Product family: zynq
* Target device:  xc7z010-clg400-1


================================================================
== Performance Estimates
================================================================
+ Timing: 
    * Summary: 
    +--------+---------+----------+------------+
    |  Clock |  Target | Estimated| Uncertainty|
    +--------+---------+----------+------------+
    |ap_clk  |  5.00 ns|  4.944 ns|     1.35 ns|
    +--------+---------+----------+------------+

+ Latency: 
    * Summary: 
    +---------+---------+-----------+-----------+------+------+---------+
    |  Latency (cycles) |   Latency (absolute)  |   Interval  | Pipeline|
    |   min   |   max   |    min    |    max    |  min |  max |   Type  |
    +---------+---------+-----------+-----------+------+------+---------+
    |     2316|     2316|  11.580 us|  11.580 us|  2316|  2316|       no|
    +---------+---------+-----------+-----------+------+------+---------+

    + Detail: 
        * Instance: 
        N/A

        * Loop: 
        +-------------+---------+---------+----------+-----------+-----------+------+----------+
        |             |  Latency (cycles) | Iteration|  Initiation Interval  | Trip |          |
        |  Loop Name  |   min   |   max   |  Latency |  achieved |   target  | Count| Pipelined|
        +-------------+---------+---------+----------+-----------+-----------+------+----------+
        |- main_loop  |     2314|     2314|        20|          9|          9|   256|       yes|
        +-------------+---------+---------+----------+-----------+-----------+------+----------+

============================================================
+ Verbose Summary: Synthesis Manager
============================================================
InlineROM: 1
ExposeGlobal: 0
============================================================
+ Verbose Summary: CDFG Model
============================================================
IsTopModel: 0
ResetActiveHigh: 1
IsCombinational: 0
IsDatapathOnly: 0
HasWiredReturn: 1
HasMFsm: 2
HasVarLatency: 1
IsPipeline: 0
IsRtlPipelined: 0
IsInstanceOverlapped: 0
IsDontTouch: 0
HasImplIP: 0
IsGatedGlobalClock: 0

+ Individual pipeline summary: 
  * Pipeline-0: initiation interval (II) = 9, depth = 20


============================================================
+ Verbose Summary: Schedule
============================================================
* Number of FSM states : 20
* Pipeline : 1
  Pipeline-0 : II = 9, D = 20, States = { 1 2 3 4 5 6 7 8 9 10 11 12 13 14 15 16 17 18 19 20 }
* Dataflow Pipeline: 0

* FSM state transitions: 
1 --> 2 
2 --> 3 
3 --> 4 
4 --> 5 
5 --> 6 
6 --> 7 
7 --> 8 
8 --> 9 
9 --> 10 
10 --> 11 
11 --> 12 
12 --> 13 
13 --> 14 
14 --> 15 
15 --> 16 
16 --> 17 
17 --> 18 
18 --> 19 
19 --> 20 
20 --> 

* FSM state operations: 

State 1 <SV = 0> <Delay = 3.41>
ST_1 : Operation 23 [1/1] (0.00ns)   --->   "%tmp1 = alloca i32 1"   --->   Operation 23 'alloca' 'tmp1' <Predicate = true> <Delay = 0.00>
ST_1 : Operation 24 [1/1] (0.00ns)   --->   "%i = alloca i32 1"   --->   Operation 24 'alloca' 'i' <Predicate = true> <Delay = 0.00>
ST_1 : Operation 25 [1/1] (0.00ns)   --->   "%sext_ln13_read = read i30 @_ssdm_op_Read.ap_auto.i30, i30 %sext_ln13"   --->   Operation 25 'read' 'sext_ln13_read' <Predicate = true> <Delay = 0.00>
ST_1 : Operation 26 [1/1] (0.00ns)   --->   "%sext_ln13_1_read = read i30 @_ssdm_op_Read.ap_auto.i30, i30 %sext_ln13_1"   --->   Operation 26 'read' 'sext_ln13_1_read' <Predicate = true> <Delay = 0.00>
ST_1 : Operation 27 [1/1] (0.00ns)   --->   "%sext_ln13_cast = sext i30 %sext_ln13_read"   --->   Operation 27 'sext' 'sext_ln13_cast' <Predicate = true> <Delay = 0.00>
ST_1 : Operation 28 [1/1] (0.00ns)   --->   "%sext_ln13_1_cast = sext i30 %sext_ln13_1_read"   --->   Operation 28 'sext' 'sext_ln13_1_cast' <Predicate = true> <Delay = 0.00>
ST_1 : Operation 29 [1/1] (0.00ns)   --->   "%specinterface_ln0 = specinterface void @_ssdm_op_SpecInterface, i32 %bus_B, void @empty, i32 0, i32 0, void @empty_0, i32 0, i32 0, void @empty_3, void @empty_2, void @empty_0, i32 16, i32 16, i32 16, i32 16, void @empty_0, void @empty_0"   --->   Operation 29 'specinterface' 'specinterface_ln0' <Predicate = true> <Delay = 0.00>
ST_1 : Operation 30 [1/1] (0.00ns)   --->   "%specinterface_ln0 = specinterface void @_ssdm_op_SpecInterface, i32 %bus_A, void @empty, i32 0, i32 0, void @empty_0, i32 0, i32 0, void @empty_1, void @empty_2, void @empty_0, i32 16, i32 16, i32 16, i32 16, void @empty_0, void @empty_0"   --->   Operation 30 'specinterface' 'specinterface_ln0' <Predicate = true> <Delay = 0.00>
ST_1 : Operation 31 [1/1] (1.58ns)   --->   "%store_ln0 = store i9 0, i9 %i"   --->   Operation 31 'store' 'store_ln0' <Predicate = true> <Delay = 1.58>
ST_1 : Operation 32 [1/1] (1.58ns)   --->   "%store_ln0 = store i32 0, i32 %tmp1"   --->   Operation 32 'store' 'store_ln0' <Predicate = true> <Delay = 1.58>
ST_1 : Operation 33 [1/1] (0.00ns)   --->   "%br_ln0 = br void"   --->   Operation 33 'br' 'br_ln0' <Predicate = true> <Delay = 0.00>
ST_1 : Operation 34 [1/1] (0.00ns)   --->   "%i_1 = load i9 %i" [mk1/test4.c:13]   --->   Operation 34 'load' 'i_1' <Predicate = true> <Delay = 0.00>
ST_1 : Operation 35 [1/1] (1.66ns)   --->   "%icmp_ln13 = icmp_eq  i9 %i_1, i9 256" [mk1/test4.c:13]   --->   Operation 35 'icmp' 'icmp_ln13' <Predicate = true> <Delay = 1.66> <CoreInst = "Cmp">   --->   Core 9 'Cmp' <Latency = 0> <II = 1> <Delay = 1.66> <FuncUnit> <Opcode : 'icmp'> <InPorts = 2> <OutPorts = 1>
ST_1 : Operation 36 [1/1] (1.82ns)   --->   "%add_ln13 = add i9 %i_1, i9 1" [mk1/test4.c:13]   --->   Operation 36 'add' 'add_ln13' <Predicate = true> <Delay = 1.82> <CoreInst = "Adder">   --->   Core 1 'Adder' <Latency = 0> <II = 1> <Delay = 1.82> <FuncUnit> <Opcode : 'add' 'sub'> <InPorts = 2> <OutPorts = 1>
ST_1 : Operation 37 [1/1] (0.00ns)   --->   "%br_ln13 = br i1 %icmp_ln13, void %.split4, void %.exitStub" [mk1/test4.c:13]   --->   Operation 37 'br' 'br_ln13' <Predicate = true> <Delay = 0.00>
ST_1 : Operation 38 [1/1] (1.58ns)   --->   "%store_ln13 = store i9 %add_ln13, i9 %i" [mk1/test4.c:13]   --->   Operation 38 'store' 'store_ln13' <Predicate = (!icmp_ln13)> <Delay = 1.58>

State 2 <SV = 1> <Delay = 3.65>
ST_2 : Operation 39 [1/1] (0.00ns)   --->   "%bus_B_addr = getelementptr i32 %bus_B, i32 %sext_ln13_1_cast" [mk1/test4.c:13]   --->   Operation 39 'getelementptr' 'bus_B_addr' <Predicate = true> <Delay = 0.00>
ST_2 : Operation 40 [1/1] (0.00ns)   --->   "%bus_A_addr = getelementptr i32 %bus_A, i32 %sext_ln13_cast" [mk1/test4.c:13]   --->   Operation 40 'getelementptr' 'bus_A_addr' <Predicate = true> <Delay = 0.00>
ST_2 : Operation 41 [1/1] (0.00ns)   --->   "%empty = speclooptripcount i32 @_ssdm_op_SpecLoopTripCount, i64 256, i64 256, i64 256"   --->   Operation 41 'speclooptripcount' 'empty' <Predicate = true> <Delay = 0.00>
ST_2 : Operation 42 [1/1] (3.65ns)   --->   "%bus_A_addr_read = read i32 @_ssdm_op_Read.m_axi.p1i32, i32 %bus_A_addr" [mk1/test4.c:17]   --->   Operation 42 'read' 'bus_A_addr_read' <Predicate = (!icmp_ln13)> <Delay = 3.65> <CoreInst = "m_axi">   --->   Core 113 'm_axi' <Latency = 6> <II = 1> <Delay = 1.00> <Adapter> <Opcode : 'read' 'write' 'readreq' 'writereq' 'writeresp'>
ST_2 : Operation 43 [1/1] (3.65ns)   --->   "%bus_B_addr_read = read i32 @_ssdm_op_Read.m_axi.p1i32, i32 %bus_B_addr" [mk1/test4.c:17]   --->   Operation 43 'read' 'bus_B_addr_read' <Predicate = (!icmp_ln13)> <Delay = 3.65> <CoreInst = "m_axi">   --->   Core 113 'm_axi' <Latency = 6> <II = 1> <Delay = 1.00> <Adapter> <Opcode : 'read' 'write' 'readreq' 'writereq' 'writeresp'>

State 3 <SV = 2> <Delay = 2.56>
ST_3 : Operation 44 [1/1] (0.00ns)   --->   "%bitcast_ln17 = bitcast i32 %bus_A_addr_read" [mk1/test4.c:17]   --->   Operation 44 'bitcast' 'bitcast_ln17' <Predicate = (!icmp_ln13)> <Delay = 0.00>
ST_3 : Operation 45 [1/1] (0.00ns)   --->   "%bitcast_ln17_1 = bitcast i32 %bus_B_addr_read" [mk1/test4.c:17]   --->   Operation 45 'bitcast' 'bitcast_ln17_1' <Predicate = (!icmp_ln13)> <Delay = 0.00>
ST_3 : Operation 46 [8/8] (2.56ns)   --->   "%tmp2 = fmul i32 %bitcast_ln17, i32 %bitcast_ln17_1" [mk1/test4.c:17]   --->   Operation 46 'fmul' 'tmp2' <Predicate = (!icmp_ln13)> <Delay = 2.56> <CoreInst = "FMul_maxdsp">   --->   Core 30 'FMul_maxdsp' <Latency = 7> <II = 1> <Delay = 2.56> <FuncUnit> <Opcode : 'fmul'> <InPorts = 2> <OutPorts = 1>

State 4 <SV = 3> <Delay = 2.56>
ST_4 : Operation 47 [7/8] (2.56ns)   --->   "%tmp2 = fmul i32 %bitcast_ln17, i32 %bitcast_ln17_1" [mk1/test4.c:17]   --->   Operation 47 'fmul' 'tmp2' <Predicate = (!icmp_ln13)> <Delay = 2.56> <CoreInst = "FMul_maxdsp">   --->   Core 30 'FMul_maxdsp' <Latency = 7> <II = 1> <Delay = 2.56> <FuncUnit> <Opcode : 'fmul'> <InPorts = 2> <OutPorts = 1>

State 5 <SV = 4> <Delay = 2.56>
ST_5 : Operation 48 [6/8] (2.56ns)   --->   "%tmp2 = fmul i32 %bitcast_ln17, i32 %bitcast_ln17_1" [mk1/test4.c:17]   --->   Operation 48 'fmul' 'tmp2' <Predicate = (!icmp_ln13)> <Delay = 2.56> <CoreInst = "FMul_maxdsp">   --->   Core 30 'FMul_maxdsp' <Latency = 7> <II = 1> <Delay = 2.56> <FuncUnit> <Opcode : 'fmul'> <InPorts = 2> <OutPorts = 1>

State 6 <SV = 5> <Delay = 2.56>
ST_6 : Operation 49 [5/8] (2.56ns)   --->   "%tmp2 = fmul i32 %bitcast_ln17, i32 %bitcast_ln17_1" [mk1/test4.c:17]   --->   Operation 49 'fmul' 'tmp2' <Predicate = (!icmp_ln13)> <Delay = 2.56> <CoreInst = "FMul_maxdsp">   --->   Core 30 'FMul_maxdsp' <Latency = 7> <II = 1> <Delay = 2.56> <FuncUnit> <Opcode : 'fmul'> <InPorts = 2> <OutPorts = 1>

State 7 <SV = 6> <Delay = 2.56>
ST_7 : Operation 50 [4/8] (2.56ns)   --->   "%tmp2 = fmul i32 %bitcast_ln17, i32 %bitcast_ln17_1" [mk1/test4.c:17]   --->   Operation 50 'fmul' 'tmp2' <Predicate = (!icmp_ln13)> <Delay = 2.56> <CoreInst = "FMul_maxdsp">   --->   Core 30 'FMul_maxdsp' <Latency = 7> <II = 1> <Delay = 2.56> <FuncUnit> <Opcode : 'fmul'> <InPorts = 2> <OutPorts = 1>

State 8 <SV = 7> <Delay = 2.56>
ST_8 : Operation 51 [3/8] (2.56ns)   --->   "%tmp2 = fmul i32 %bitcast_ln17, i32 %bitcast_ln17_1" [mk1/test4.c:17]   --->   Operation 51 'fmul' 'tmp2' <Predicate = (!icmp_ln13)> <Delay = 2.56> <CoreInst = "FMul_maxdsp">   --->   Core 30 'FMul_maxdsp' <Latency = 7> <II = 1> <Delay = 2.56> <FuncUnit> <Opcode : 'fmul'> <InPorts = 2> <OutPorts = 1>

State 9 <SV = 8> <Delay = 2.56>
ST_9 : Operation 52 [2/8] (2.56ns)   --->   "%tmp2 = fmul i32 %bitcast_ln17, i32 %bitcast_ln17_1" [mk1/test4.c:17]   --->   Operation 52 'fmul' 'tmp2' <Predicate = (!icmp_ln13)> <Delay = 2.56> <CoreInst = "FMul_maxdsp">   --->   Core 30 'FMul_maxdsp' <Latency = 7> <II = 1> <Delay = 2.56> <FuncUnit> <Opcode : 'fmul'> <InPorts = 2> <OutPorts = 1>

State 10 <SV = 9> <Delay = 2.56>
ST_10 : Operation 53 [1/8] (2.56ns)   --->   "%tmp2 = fmul i32 %bitcast_ln17, i32 %bitcast_ln17_1" [mk1/test4.c:17]   --->   Operation 53 'fmul' 'tmp2' <Predicate = true> <Delay = 2.56> <CoreInst = "FMul_maxdsp">   --->   Core 30 'FMul_maxdsp' <Latency = 7> <II = 1> <Delay = 2.56> <FuncUnit> <Opcode : 'fmul'> <InPorts = 2> <OutPorts = 1>

State 11 <SV = 10> <Delay = 3.35>
ST_11 : Operation 54 [1/1] (0.00ns)   --->   "%tmp1_load = load i32 %tmp1" [mk1/test4.c:18]   --->   Operation 54 'load' 'tmp1_load' <Predicate = true> <Delay = 0.00>
ST_11 : Operation 55 [10/10] (3.35ns)   --->   "%tmp1_1 = fadd i32 %tmp2, i32 %tmp1_load" [mk1/test4.c:18]   --->   Operation 55 'fadd' 'tmp1_1' <Predicate = true> <Delay = 3.35> <CoreInst = "FAddSub_fulldsp">   --->   Core 18 'FAddSub_fulldsp' <Latency = 9> <II = 1> <Delay = 3.35> <FuncUnit> <Opcode : 'fadd' 'fsub'> <InPorts = 2> <OutPorts = 1>
ST_11 : Operation 69 [1/1] (0.00ns)   --->   "%tmp1_load5 = load i32 %tmp1"   --->   Operation 69 'load' 'tmp1_load5' <Predicate = (icmp_ln13)> <Delay = 0.00>
ST_11 : Operation 70 [1/1] (0.00ns)   --->   "%write_ln0 = write void @_ssdm_op_Write.ap_auto.floatP0A, i32 %tmp1_out, i32 %tmp1_load5"   --->   Operation 70 'write' 'write_ln0' <Predicate = (icmp_ln13)> <Delay = 0.00>
ST_11 : Operation 71 [1/1] (0.00ns)   --->   "%ret_ln0 = ret"   --->   Operation 71 'ret' 'ret_ln0' <Predicate = (icmp_ln13)> <Delay = 0.00>

State 12 <SV = 11> <Delay = 3.35>
ST_12 : Operation 56 [9/10] (3.35ns)   --->   "%tmp1_1 = fadd i32 %tmp2, i32 %tmp1_load" [mk1/test4.c:18]   --->   Operation 56 'fadd' 'tmp1_1' <Predicate = true> <Delay = 3.35> <CoreInst = "FAddSub_fulldsp">   --->   Core 18 'FAddSub_fulldsp' <Latency = 9> <II = 1> <Delay = 3.35> <FuncUnit> <Opcode : 'fadd' 'fsub'> <InPorts = 2> <OutPorts = 1>

State 13 <SV = 12> <Delay = 3.35>
ST_13 : Operation 57 [8/10] (3.35ns)   --->   "%tmp1_1 = fadd i32 %tmp2, i32 %tmp1_load" [mk1/test4.c:18]   --->   Operation 57 'fadd' 'tmp1_1' <Predicate = true> <Delay = 3.35> <CoreInst = "FAddSub_fulldsp">   --->   Core 18 'FAddSub_fulldsp' <Latency = 9> <II = 1> <Delay = 3.35> <FuncUnit> <Opcode : 'fadd' 'fsub'> <InPorts = 2> <OutPorts = 1>

State 14 <SV = 13> <Delay = 3.35>
ST_14 : Operation 58 [7/10] (3.35ns)   --->   "%tmp1_1 = fadd i32 %tmp2, i32 %tmp1_load" [mk1/test4.c:18]   --->   Operation 58 'fadd' 'tmp1_1' <Predicate = true> <Delay = 3.35> <CoreInst = "FAddSub_fulldsp">   --->   Core 18 'FAddSub_fulldsp' <Latency = 9> <II = 1> <Delay = 3.35> <FuncUnit> <Opcode : 'fadd' 'fsub'> <InPorts = 2> <OutPorts = 1>

State 15 <SV = 14> <Delay = 3.35>
ST_15 : Operation 59 [6/10] (3.35ns)   --->   "%tmp1_1 = fadd i32 %tmp2, i32 %tmp1_load" [mk1/test4.c:18]   --->   Operation 59 'fadd' 'tmp1_1' <Predicate = true> <Delay = 3.35> <CoreInst = "FAddSub_fulldsp">   --->   Core 18 'FAddSub_fulldsp' <Latency = 9> <II = 1> <Delay = 3.35> <FuncUnit> <Opcode : 'fadd' 'fsub'> <InPorts = 2> <OutPorts = 1>

State 16 <SV = 15> <Delay = 3.35>
ST_16 : Operation 60 [5/10] (3.35ns)   --->   "%tmp1_1 = fadd i32 %tmp2, i32 %tmp1_load" [mk1/test4.c:18]   --->   Operation 60 'fadd' 'tmp1_1' <Predicate = true> <Delay = 3.35> <CoreInst = "FAddSub_fulldsp">   --->   Core 18 'FAddSub_fulldsp' <Latency = 9> <II = 1> <Delay = 3.35> <FuncUnit> <Opcode : 'fadd' 'fsub'> <InPorts = 2> <OutPorts = 1>

State 17 <SV = 16> <Delay = 3.35>
ST_17 : Operation 61 [4/10] (3.35ns)   --->   "%tmp1_1 = fadd i32 %tmp2, i32 %tmp1_load" [mk1/test4.c:18]   --->   Operation 61 'fadd' 'tmp1_1' <Predicate = true> <Delay = 3.35> <CoreInst = "FAddSub_fulldsp">   --->   Core 18 'FAddSub_fulldsp' <Latency = 9> <II = 1> <Delay = 3.35> <FuncUnit> <Opcode : 'fadd' 'fsub'> <InPorts = 2> <OutPorts = 1>

State 18 <SV = 17> <Delay = 3.35>
ST_18 : Operation 62 [3/10] (3.35ns)   --->   "%tmp1_1 = fadd i32 %tmp2, i32 %tmp1_load" [mk1/test4.c:18]   --->   Operation 62 'fadd' 'tmp1_1' <Predicate = true> <Delay = 3.35> <CoreInst = "FAddSub_fulldsp">   --->   Core 18 'FAddSub_fulldsp' <Latency = 9> <II = 1> <Delay = 3.35> <FuncUnit> <Opcode : 'fadd' 'fsub'> <InPorts = 2> <OutPorts = 1>

State 19 <SV = 18> <Delay = 3.35>
ST_19 : Operation 63 [2/10] (3.35ns)   --->   "%tmp1_1 = fadd i32 %tmp2, i32 %tmp1_load" [mk1/test4.c:18]   --->   Operation 63 'fadd' 'tmp1_1' <Predicate = true> <Delay = 3.35> <CoreInst = "FAddSub_fulldsp">   --->   Core 18 'FAddSub_fulldsp' <Latency = 9> <II = 1> <Delay = 3.35> <FuncUnit> <Opcode : 'fadd' 'fsub'> <InPorts = 2> <OutPorts = 1>

State 20 <SV = 19> <Delay = 4.94>
ST_20 : Operation 64 [1/1] (0.00ns)   --->   "%specpipeline_ln10 = specpipeline void @_ssdm_op_SpecPipeline, i32 9, i32 0, i32 0, i32 0, void @empty_0" [mk1/test4.c:10]   --->   Operation 64 'specpipeline' 'specpipeline_ln10' <Predicate = true> <Delay = 0.00>
ST_20 : Operation 65 [1/1] (0.00ns)   --->   "%specloopname_ln10 = specloopname void @_ssdm_op_SpecLoopName, void @empty_14" [mk1/test4.c:10]   --->   Operation 65 'specloopname' 'specloopname_ln10' <Predicate = true> <Delay = 0.00>
ST_20 : Operation 66 [1/10] (3.35ns)   --->   "%tmp1_1 = fadd i32 %tmp2, i32 %tmp1_load" [mk1/test4.c:18]   --->   Operation 66 'fadd' 'tmp1_1' <Predicate = true> <Delay = 3.35> <CoreInst = "FAddSub_fulldsp">   --->   Core 18 'FAddSub_fulldsp' <Latency = 9> <II = 1> <Delay = 3.35> <FuncUnit> <Opcode : 'fadd' 'fsub'> <InPorts = 2> <OutPorts = 1>
ST_20 : Operation 67 [1/1] (1.58ns)   --->   "%store_ln18 = store i32 %tmp1_1, i32 %tmp1" [mk1/test4.c:18]   --->   Operation 67 'store' 'store_ln18' <Predicate = true> <Delay = 1.58>
ST_20 : Operation 68 [1/1] (0.00ns)   --->   "%br_ln0 = br void"   --->   Operation 68 'br' 'br_ln0' <Predicate = true> <Delay = 0.00>


============================================================
+ Verbose Summary: Binding
============================================================
STG Binding: 
---------------- STG Properties BEGIN ----------------
- Is combinational: 0
- Is one-state seq: 0
- Is datapath-only: 0
- Is pipelined: 0
- Is top level: 0
Port [ Return ] is wired: 1; IO mode=ap_ctrl_hs:ce=0
Port [ bus_B]:  wired=1; compound=1; hidden=0; nouse=0; global=0; static=0; extern=0; dir=0; type=4; pingpong=0; private_global=0; IO mode=m_axi:ce=0
Port [ sext_ln13_1]:  wired=1; compound=0; hidden=0; nouse=0; global=0; static=0; extern=0; dir=0; type=0; pingpong=0; private_global=0; IO mode=ap_none:ce=0
Port [ bus_A]:  wired=1; compound=1; hidden=0; nouse=0; global=0; static=0; extern=0; dir=0; type=4; pingpong=0; private_global=0; IO mode=m_axi:ce=0
Port [ sext_ln13]:  wired=1; compound=0; hidden=0; nouse=0; global=0; static=0; extern=0; dir=0; type=0; pingpong=0; private_global=0; IO mode=ap_none:ce=0
Port [ tmp1_out]:  wired=1; compound=0; hidden=0; nouse=0; global=0; static=0; extern=0; dir=1; type=0; pingpong=0; private_global=0; IO mode=ap_vld:ce=0
---------------- STG Properties END ------------------

---------------- Datapath Model BEGIN ----------------

<LifeTime>
<method=bitvector/>
tmp1              (alloca           ) [ 011111111111111111111]
i                 (alloca           ) [ 010000000000000000000]
sext_ln13_read    (read             ) [ 000000000000000000000]
sext_ln13_1_read  (read             ) [ 000000000000000000000]
sext_ln13_cast    (sext             ) [ 001000000000000000000]
sext_ln13_1_cast  (sext             ) [ 001000000000000000000]
specinterface_ln0 (specinterface    ) [ 000000000000000000000]
specinterface_ln0 (specinterface    ) [ 000000000000000000000]
store_ln0         (store            ) [ 000000000000000000000]
store_ln0         (store            ) [ 000000000000000000000]
br_ln0            (br               ) [ 000000000000000000000]
i_1               (load             ) [ 000000000000000000000]
icmp_ln13         (icmp             ) [ 011111111111000000000]
add_ln13          (add              ) [ 000000000000000000000]
br_ln13           (br               ) [ 000000000000000000000]
store_ln13        (store            ) [ 000000000000000000000]
bus_B_addr        (getelementptr    ) [ 000000000000000000000]
bus_A_addr        (getelementptr    ) [ 000000000000000000000]
empty             (speclooptripcount) [ 000000000000000000000]
bus_A_addr_read   (read             ) [ 000100000000000000000]
bus_B_addr_read   (read             ) [ 000100000000000000000]
bitcast_ln17      (bitcast          ) [ 010011111110000000000]
bitcast_ln17_1    (bitcast          ) [ 010011111110000000000]
tmp2              (fmul             ) [ 011111111101111111111]
tmp1_load         (load             ) [ 011111111100111111111]
specpipeline_ln10 (specpipeline     ) [ 000000000000000000000]
specloopname_ln10 (specloopname     ) [ 000000000000000000000]
tmp1_1            (fadd             ) [ 000000000000000000000]
store_ln18        (store            ) [ 000000000000000000000]
br_ln0            (br               ) [ 000000000000000000000]
tmp1_load5        (load             ) [ 000000000000000000000]
write_ln0         (write            ) [ 000000000000000000000]
ret_ln0           (ret              ) [ 000000000000000000000]
</LifeTime>

<model>

<comp_list>
<comp id="0" class="1000" name="bus_B">
<pin_list>
<pin id="1" dir="1" index="0" bw="1" slack="0"/>
</pin_list>
<bind>
<StgValue><ssdm name="bus_B"/></StgValue>
</bind>
</comp>

<comp id="2" class="1000" name="sext_ln13_1">
<pin_list>
<pin id="3" dir="1" index="0" bw="1" slack="0"/>
</pin_list>
<bind>
<StgValue><ssdm name="sext_ln13_1"/></StgValue>
</bind>
</comp>

<comp id="4" class="1000" name="bus_A">
<pin_list>
<pin id="5" dir="1" index="0" bw="1" slack="0"/>
</pin_list>
<bind>
<StgValue><ssdm name="bus_A"/></StgValue>
</bind>
</comp>

<comp id="6" class="1000" name="sext_ln13">
<pin_list>
<pin id="7" dir="1" index="0" bw="1" slack="0"/>
</pin_list>
<bind>
<StgValue><ssdm name="sext_ln13"/></StgValue>
</bind>
</comp>

<comp id="8" class="1000" name="tmp1_out">
<pin_list>
<pin id="9" dir="1" index="0" bw="1" slack="0"/>
</pin_list>
<bind>
<StgValue><ssdm name="tmp1_out"/></StgValue>
</bind>
</comp>

<comp id="10" class="1001" name="const_10">
<pin_list>
<pin id="11" dir="1" index="0" bw="1" slack="0"/>
</pin_list>
<bind>
<StgValue><ssdm name=""/></StgValue>
</bind>
</comp>

<comp id="12" class="1001" name="const_12">
<pin_list>
<pin id="13" dir="1" index="0" bw="1" slack="0"/>
</pin_list>
<bind>
<StgValue><ssdm name="_ssdm_op_Read.ap_auto.i30"/></StgValue>
</bind>
</comp>

<comp id="14" class="1001" name="const_14">
<pin_list>
<pin id="15" dir="1" index="0" bw="1" slack="2147483647"/>
</pin_list>
<bind>
<StgValue><ssdm name="_ssdm_op_SpecInterface"/></StgValue>
</bind>
</comp>

<comp id="16" class="1001" name="const_16">
<pin_list>
<pin id="17" dir="1" index="0" bw="1" slack="2147483647"/>
</pin_list>
<bind>
<StgValue><ssdm name="empty"/></StgValue>
</bind>
</comp>

<comp id="18" class="1001" name="const_18">
<pin_list>
<pin id="19" dir="1" index="0" bw="1" slack="2147483647"/>
</pin_list>
<bind>
<StgValue><ssdm name=""/></StgValue>
</bind>
</comp>

<comp id="20" class="1001" name="const_20">
<pin_list>
<pin id="21" dir="1" index="0" bw="1" slack="2147483647"/>
</pin_list>
<bind>
<StgValue><ssdm name="empty_0"/></StgValue>
</bind>
</comp>

<comp id="22" class="1001" name="const_22">
<pin_list>
<pin id="23" dir="1" index="0" bw="1" slack="2147483647"/>
</pin_list>
<bind>
<StgValue><ssdm name="empty_3"/></StgValue>
</bind>
</comp>

<comp id="24" class="1001" name="const_24">
<pin_list>
<pin id="25" dir="1" index="0" bw="1" slack="2147483647"/>
</pin_list>
<bind>
<StgValue><ssdm name="empty_2"/></StgValue>
</bind>
</comp>

<comp id="26" class="1001" name="const_26">
<pin_list>
<pin id="27" dir="1" index="0" bw="1" slack="2147483647"/>
</pin_list>
<bind>
<StgValue><ssdm name=""/></StgValue>
</bind>
</comp>

<comp id="28" class="1001" name="const_28">
<pin_list>
<pin id="29" dir="1" index="0" bw="1" slack="2147483647"/>
</pin_list>
<bind>
<StgValue><ssdm name="empty_1"/></StgValue>
</bind>
</comp>

<comp id="30" class="1001" name="const_30">
<pin_list>
<pin id="31" dir="1" index="0" bw="1" slack="0"/>
</pin_list>
<bind>
<StgValue><ssdm name=""/></StgValue>
</bind>
</comp>

<comp id="32" class="1001" name="const_32">
<pin_list>
<pin id="33" dir="1" index="0" bw="1" slack="0"/>
</pin_list>
<bind>
<StgValue><ssdm name=""/></StgValue>
</bind>
</comp>

<comp id="34" class="1001" name="const_34">
<pin_list>
<pin id="35" dir="1" index="0" bw="1" slack="0"/>
</pin_list>
<bind>
<StgValue><ssdm name=""/></StgValue>
</bind>
</comp>

<comp id="36" class="1001" name="const_36">
<pin_list>
<pin id="37" dir="1" index="0" bw="1" slack="0"/>
</pin_list>
<bind>
<StgValue><ssdm name=""/></StgValue>
</bind>
</comp>

<comp id="38" class="1001" name="const_38">
<pin_list>
<pin id="39" dir="1" index="0" bw="1" slack="2147483647"/>
</pin_list>
<bind>
<StgValue><ssdm name="_ssdm_op_SpecLoopTripCount"/></StgValue>
</bind>
</comp>

<comp id="40" class="1001" name="const_40">
<pin_list>
<pin id="41" dir="1" index="0" bw="1" slack="2147483647"/>
</pin_list>
<bind>
<StgValue><ssdm name=""/></StgValue>
</bind>
</comp>

<comp id="42" class="1001" name="const_42">
<pin_list>
<pin id="43" dir="1" index="0" bw="1" slack="0"/>
</pin_list>
<bind>
<StgValue><ssdm name="_ssdm_op_Read.m_axi.p1i32"/></StgValue>
</bind>
</comp>

<comp id="44" class="1001" name="const_44">
<pin_list>
<pin id="45" dir="1" index="0" bw="1" slack="2147483647"/>
</pin_list>
<bind>
<StgValue><ssdm name="_ssdm_op_SpecPipeline"/></StgValue>
</bind>
</comp>

<comp id="46" class="1001" name="const_46">
<pin_list>
<pin id="47" dir="1" index="0" bw="1" slack="2147483647"/>
</pin_list>
<bind>
<StgValue><ssdm name=""/></StgValue>
</bind>
</comp>

<comp id="48" class="1001" name="const_48">
<pin_list>
<pin id="49" dir="1" index="0" bw="1" slack="2147483647"/>
</pin_list>
<bind>
<StgValue><ssdm name="_ssdm_op_SpecLoopName"/></StgValue>
</bind>
</comp>

<comp id="50" class="1001" name="const_50">
<pin_list>
<pin id="51" dir="1" index="0" bw="1" slack="2147483647"/>
</pin_list>
<bind>
<StgValue><ssdm name="empty_14"/></StgValue>
</bind>
</comp>

<comp id="52" class="1001" name="const_52">
<pin_list>
<pin id="53" dir="1" index="0" bw="1" slack="0"/>
</pin_list>
<bind>
<StgValue><ssdm name="_ssdm_op_Write.ap_auto.floatP0A"/></StgValue>
</bind>
</comp>

<comp id="54" class="1004" name="tmp1_fu_54">
<pin_list>
<pin id="55" dir="0" index="0" bw="1" slack="0"/>
<pin id="56" dir="1" index="1" bw="32" slack="0"/>
</pin_list>
<bind>
<opcode="alloca(26) " fcode="alloca"/>
<opset="tmp1/1 "/>
</bind>
</comp>

<comp id="58" class="1004" name="i_fu_58">
<pin_list>
<pin id="59" dir="0" index="0" bw="1" slack="0"/>
<pin id="60" dir="1" index="1" bw="9" slack="0"/>
</pin_list>
<bind>
<opcode="alloca(26) " fcode="alloca"/>
<opset="i/1 "/>
</bind>
</comp>

<comp id="62" class="1004" name="sext_ln13_read_read_fu_62">
<pin_list>
<pin id="63" dir="0" index="0" bw="30" slack="0"/>
<pin id="64" dir="0" index="1" bw="30" slack="0"/>
<pin id="65" dir="1" index="2" bw="30" slack="0"/>
</pin_list>
<bind>
<opcode="read(1150) " fcode="read"/>
<opset="sext_ln13_read/1 "/>
</bind>
</comp>

<comp id="68" class="1004" name="sext_ln13_1_read_read_fu_68">
<pin_list>
<pin id="69" dir="0" index="0" bw="30" slack="0"/>
<pin id="70" dir="0" index="1" bw="30" slack="0"/>
<pin id="71" dir="1" index="2" bw="30" slack="0"/>
</pin_list>
<bind>
<opcode="read(1150) " fcode="read"/>
<opset="sext_ln13_1_read/1 "/>
</bind>
</comp>

<comp id="74" class="1004" name="bus_A_addr_read_read_fu_74">
<pin_list>
<pin id="75" dir="0" index="0" bw="32" slack="0"/>
<pin id="76" dir="0" index="1" bw="32" slack="0"/>
<pin id="77" dir="1" index="2" bw="32" slack="1"/>
</pin_list>
<bind>
<opcode="read(1150) " fcode="read"/>
<opset="bus_A_addr_read/2 "/>
</bind>
</comp>

<comp id="79" class="1004" name="bus_B_addr_read_read_fu_79">
<pin_list>
<pin id="80" dir="0" index="0" bw="32" slack="0"/>
<pin id="81" dir="0" index="1" bw="32" slack="0"/>
<pin id="82" dir="1" index="2" bw="32" slack="1"/>
</pin_list>
<bind>
<opcode="read(1150) " fcode="read"/>
<opset="bus_B_addr_read/2 "/>
</bind>
</comp>

<comp id="84" class="1004" name="write_ln0_write_fu_84">
<pin_list>
<pin id="85" dir="0" index="0" bw="0" slack="0"/>
<pin id="86" dir="0" index="1" bw="32" slack="0"/>
<pin id="87" dir="0" index="2" bw="32" slack="0"/>
<pin id="88" dir="1" index="3" bw="0" slack="2147483647"/>
</pin_list>
<bind>
<opcode="write(1151) " fcode="write"/>
<opset="write_ln0/11 "/>
</bind>
</comp>

<comp id="91" class="1004" name="grp_fu_91">
<pin_list>
<pin id="92" dir="0" index="0" bw="32" slack="1"/>
<pin id="93" dir="0" index="1" bw="32" slack="0"/>
<pin id="94" dir="1" index="2" bw="32" slack="0"/>
</pin_list>
<bind>
<opcode="fadd(9) " fcode="fadd"/>
<opset="tmp1_1/11 "/>
</bind>
</comp>

<comp id="95" class="1004" name="grp_fu_95">
<pin_list>
<pin id="96" dir="0" index="0" bw="32" slack="0"/>
<pin id="97" dir="0" index="1" bw="32" slack="0"/>
<pin id="98" dir="1" index="2" bw="32" slack="1"/>
</pin_list>
<bind>
<opcode="fmul(13) " fcode="fmul"/>
<opset="tmp2/3 "/>
</bind>
</comp>

<comp id="99" class="1004" name="sext_ln13_cast_fu_99">
<pin_list>
<pin id="100" dir="0" index="0" bw="30" slack="0"/>
<pin id="101" dir="1" index="1" bw="32" slack="1"/>
</pin_list>
<bind>
<opcode="sext(35) " fcode="sext"/>
<opset="sext_ln13_cast/1 "/>
</bind>
</comp>

<comp id="103" class="1004" name="sext_ln13_1_cast_fu_103">
<pin_list>
<pin id="104" dir="0" index="0" bw="30" slack="0"/>
<pin id="105" dir="1" index="1" bw="32" slack="1"/>
</pin_list>
<bind>
<opcode="sext(35) " fcode="sext"/>
<opset="sext_ln13_1_cast/1 "/>
</bind>
</comp>

<comp id="107" class="1004" name="store_ln0_store_fu_107">
<pin_list>
<pin id="108" dir="0" index="0" bw="1" slack="0"/>
<pin id="109" dir="0" index="1" bw="9" slack="0"/>
<pin id="110" dir="1" index="2" bw="0" slack="2147483647"/>
</pin_list>
<bind>
<opcode="store(28) " fcode="store"/>
<opset="store_ln0/1 "/>
</bind>
</comp>

<comp id="112" class="1004" name="store_ln0_store_fu_112">
<pin_list>
<pin id="113" dir="0" index="0" bw="32" slack="0"/>
<pin id="114" dir="0" index="1" bw="32" slack="0"/>
<pin id="115" dir="1" index="2" bw="0" slack="2147483647"/>
</pin_list>
<bind>
<opcode="store(28) " fcode="store"/>
<opset="store_ln0/1 "/>
</bind>
</comp>

<comp id="117" class="1004" name="i_1_load_fu_117">
<pin_list>
<pin id="118" dir="0" index="0" bw="9" slack="0"/>
<pin id="119" dir="1" index="1" bw="9" slack="0"/>
</pin_list>
<bind>
<opcode="load(27) " fcode="load"/>
<opset="i_1/1 "/>
</bind>
</comp>

<comp id="120" class="1004" name="icmp_ln13_fu_120">
<pin_list>
<pin id="121" dir="0" index="0" bw="9" slack="0"/>
<pin id="122" dir="0" index="1" bw="9" slack="0"/>
<pin id="123" dir="1" index="2" bw="1" slack="1"/>
</pin_list>
<bind>
<opcode="icmp(45) " fcode="icmp"/>
<opset="icmp_ln13/1 "/>
</bind>
</comp>

<comp id="126" class="1004" name="add_ln13_fu_126">
<pin_list>
<pin id="127" dir="0" index="0" bw="9" slack="0"/>
<pin id="128" dir="0" index="1" bw="1" slack="0"/>
<pin id="129" dir="1" index="2" bw="9" slack="0"/>
</pin_list>
<bind>
<opcode="add(8) " fcode="add"/>
<opset="add_ln13/1 "/>
</bind>
</comp>

<comp id="132" class="1004" name="store_ln13_store_fu_132">
<pin_list>
<pin id="133" dir="0" index="0" bw="9" slack="0"/>
<pin id="134" dir="0" index="1" bw="9" slack="0"/>
<pin id="135" dir="1" index="2" bw="0" slack="2147483647"/>
</pin_list>
<bind>
<opcode="store(28) " fcode="store"/>
<opset="store_ln13/1 "/>
</bind>
</comp>

<comp id="137" class="1004" name="bus_B_addr_fu_137">
<pin_list>
<pin id="138" dir="0" index="0" bw="32" slack="0"/>
<pin id="139" dir="0" index="1" bw="30" slack="1"/>
<pin id="140" dir="1" index="2" bw="32" slack="0"/>
</pin_list>
<bind>
<opcode="getelementptr(29) " fcode="getelementptr"/>
<opset="bus_B_addr/2 "/>
</bind>
</comp>

<comp id="143" class="1004" name="bus_A_addr_fu_143">
<pin_list>
<pin id="144" dir="0" index="0" bw="32" slack="0"/>
<pin id="145" dir="0" index="1" bw="30" slack="1"/>
<pin id="146" dir="1" index="2" bw="32" slack="0"/>
</pin_list>
<bind>
<opcode="getelementptr(29) " fcode="getelementptr"/>
<opset="bus_A_addr/2 "/>
</bind>
</comp>

<comp id="149" class="1004" name="bitcast_ln17_fu_149">
<pin_list>
<pin id="150" dir="0" index="0" bw="32" slack="1"/>
<pin id="151" dir="1" index="1" bw="32" slack="0"/>
</pin_list>
<bind>
<opcode="bitcast(44) " fcode="bitcast"/>
<opset="bitcast_ln17/3 "/>
</bind>
</comp>

<comp id="153" class="1004" name="bitcast_ln17_1_fu_153">
<pin_list>
<pin id="154" dir="0" index="0" bw="32" slack="1"/>
<pin id="155" dir="1" index="1" bw="32" slack="0"/>
</pin_list>
<bind>
<opcode="bitcast(44) " fcode="bitcast"/>
<opset="bitcast_ln17_1/3 "/>
</bind>
</comp>

<comp id="157" class="1004" name="tmp1_load_load_fu_157">
<pin_list>
<pin id="158" dir="0" index="0" bw="32" slack="10"/>
<pin id="159" dir="1" index="1" bw="32" slack="0"/>
</pin_list>
<bind>
<opcode="load(27) " fcode="load"/>
<opset="tmp1_load/11 "/>
</bind>
</comp>

<comp id="161" class="1004" name="store_ln18_store_fu_161">
<pin_list>
<pin id="162" dir="0" index="0" bw="32" slack="0"/>
<pin id="163" dir="0" index="1" bw="32" slack="19"/>
<pin id="164" dir="1" index="2" bw="0" slack="2147483647"/>
</pin_list>
<bind>
<opcode="store(28) " fcode="store"/>
<opset="store_ln18/20 "/>
</bind>
</comp>

<comp id="166" class="1004" name="tmp1_load5_load_fu_166">
<pin_list>
<pin id="167" dir="0" index="0" bw="32" slack="10"/>
<pin id="168" dir="1" index="1" bw="32" slack="0"/>
</pin_list>
<bind>
<opcode="load(27) " fcode="load"/>
<opset="tmp1_load5/11 "/>
</bind>
</comp>

<comp id="170" class="1005" name="tmp1_reg_170">
<pin_list>
<pin id="171" dir="0" index="0" bw="32" slack="0"/>
<pin id="172" dir="1" index="1" bw="32" slack="0"/>
</pin_list>
<bind>
<opset="tmp1 "/>
</bind>
</comp>

<comp id="178" class="1005" name="i_reg_178">
<pin_list>
<pin id="179" dir="0" index="0" bw="9" slack="0"/>
<pin id="180" dir="1" index="1" bw="9" slack="0"/>
</pin_list>
<bind>
<opset="i "/>
</bind>
</comp>

<comp id="185" class="1005" name="sext_ln13_cast_reg_185">
<pin_list>
<pin id="186" dir="0" index="0" bw="32" slack="1"/>
<pin id="187" dir="1" index="1" bw="32" slack="1"/>
</pin_list>
<bind>
<opset="sext_ln13_cast "/>
</bind>
</comp>

<comp id="190" class="1005" name="sext_ln13_1_cast_reg_190">
<pin_list>
<pin id="191" dir="0" index="0" bw="32" slack="1"/>
<pin id="192" dir="1" index="1" bw="32" slack="1"/>
</pin_list>
<bind>
<opset="sext_ln13_1_cast "/>
</bind>
</comp>

<comp id="195" class="1005" name="icmp_ln13_reg_195">
<pin_list>
<pin id="196" dir="0" index="0" bw="1" slack="1"/>
<pin id="197" dir="1" index="1" bw="1" slack="2147483647"/>
</pin_list>
<bind>
<opset="icmp_ln13 "/>
</bind>
</comp>

<comp id="199" class="1005" name="bus_A_addr_read_reg_199">
<pin_list>
<pin id="200" dir="0" index="0" bw="32" slack="1"/>
<pin id="201" dir="1" index="1" bw="32" slack="1"/>
</pin_list>
<bind>
<opset="bus_A_addr_read "/>
</bind>
</comp>

<comp id="204" class="1005" name="bus_B_addr_read_reg_204">
<pin_list>
<pin id="205" dir="0" index="0" bw="32" slack="1"/>
<pin id="206" dir="1" index="1" bw="32" slack="1"/>
</pin_list>
<bind>
<opset="bus_B_addr_read "/>
</bind>
</comp>

<comp id="209" class="1005" name="bitcast_ln17_reg_209">
<pin_list>
<pin id="210" dir="0" index="0" bw="32" slack="1"/>
<pin id="211" dir="1" index="1" bw="32" slack="1"/>
</pin_list>
<bind>
<opset="bitcast_ln17 "/>
</bind>
</comp>

<comp id="214" class="1005" name="bitcast_ln17_1_reg_214">
<pin_list>
<pin id="215" dir="0" index="0" bw="32" slack="1"/>
<pin id="216" dir="1" index="1" bw="32" slack="1"/>
</pin_list>
<bind>
<opset="bitcast_ln17_1 "/>
</bind>
</comp>

<comp id="219" class="1005" name="tmp2_reg_219">
<pin_list>
<pin id="220" dir="0" index="0" bw="32" slack="1"/>
<pin id="221" dir="1" index="1" bw="32" slack="1"/>
</pin_list>
<bind>
<opset="tmp2 "/>
</bind>
</comp>

<comp id="224" class="1005" name="tmp1_load_reg_224">
<pin_list>
<pin id="225" dir="0" index="0" bw="32" slack="1"/>
<pin id="226" dir="1" index="1" bw="32" slack="1"/>
</pin_list>
<bind>
<opset="tmp1_load "/>
</bind>
</comp>

</comp_list>

<net_list>
<net id="57"><net_src comp="10" pin="0"/><net_sink comp="54" pin=0"/></net>

<net id="61"><net_src comp="10" pin="0"/><net_sink comp="58" pin=0"/></net>

<net id="66"><net_src comp="12" pin="0"/><net_sink comp="62" pin=0"/></net>

<net id="67"><net_src comp="6" pin="0"/><net_sink comp="62" pin=1"/></net>

<net id="72"><net_src comp="12" pin="0"/><net_sink comp="68" pin=0"/></net>

<net id="73"><net_src comp="2" pin="0"/><net_sink comp="68" pin=1"/></net>

<net id="78"><net_src comp="42" pin="0"/><net_sink comp="74" pin=0"/></net>

<net id="83"><net_src comp="42" pin="0"/><net_sink comp="79" pin=0"/></net>

<net id="89"><net_src comp="52" pin="0"/><net_sink comp="84" pin=0"/></net>

<net id="90"><net_src comp="8" pin="0"/><net_sink comp="84" pin=1"/></net>

<net id="102"><net_src comp="62" pin="2"/><net_sink comp="99" pin=0"/></net>

<net id="106"><net_src comp="68" pin="2"/><net_sink comp="103" pin=0"/></net>

<net id="111"><net_src comp="30" pin="0"/><net_sink comp="107" pin=0"/></net>

<net id="116"><net_src comp="32" pin="0"/><net_sink comp="112" pin=0"/></net>

<net id="124"><net_src comp="117" pin="1"/><net_sink comp="120" pin=0"/></net>

<net id="125"><net_src comp="34" pin="0"/><net_sink comp="120" pin=1"/></net>

<net id="130"><net_src comp="117" pin="1"/><net_sink comp="126" pin=0"/></net>

<net id="131"><net_src comp="36" pin="0"/><net_sink comp="126" pin=1"/></net>

<net id="136"><net_src comp="126" pin="2"/><net_sink comp="132" pin=0"/></net>

<net id="141"><net_src comp="0" pin="0"/><net_sink comp="137" pin=0"/></net>

<net id="142"><net_src comp="137" pin="2"/><net_sink comp="79" pin=1"/></net>

<net id="147"><net_src comp="4" pin="0"/><net_sink comp="143" pin=0"/></net>

<net id="148"><net_src comp="143" pin="2"/><net_sink comp="74" pin=1"/></net>

<net id="152"><net_src comp="149" pin="1"/><net_sink comp="95" pin=0"/></net>

<net id="156"><net_src comp="153" pin="1"/><net_sink comp="95" pin=1"/></net>

<net id="160"><net_src comp="157" pin="1"/><net_sink comp="91" pin=1"/></net>

<net id="165"><net_src comp="91" pin="2"/><net_sink comp="161" pin=0"/></net>

<net id="169"><net_src comp="166" pin="1"/><net_sink comp="84" pin=2"/></net>

<net id="173"><net_src comp="54" pin="1"/><net_sink comp="170" pin=0"/></net>

<net id="174"><net_src comp="170" pin="1"/><net_sink comp="112" pin=1"/></net>

<net id="175"><net_src comp="170" pin="1"/><net_sink comp="157" pin=0"/></net>

<net id="176"><net_src comp="170" pin="1"/><net_sink comp="161" pin=1"/></net>

<net id="177"><net_src comp="170" pin="1"/><net_sink comp="166" pin=0"/></net>

<net id="181"><net_src comp="58" pin="1"/><net_sink comp="178" pin=0"/></net>

<net id="182"><net_src comp="178" pin="1"/><net_sink comp="107" pin=1"/></net>

<net id="183"><net_src comp="178" pin="1"/><net_sink comp="117" pin=0"/></net>

<net id="184"><net_src comp="178" pin="1"/><net_sink comp="132" pin=1"/></net>

<net id="188"><net_src comp="99" pin="1"/><net_sink comp="185" pin=0"/></net>

<net id="189"><net_src comp="185" pin="1"/><net_sink comp="143" pin=1"/></net>

<net id="193"><net_src comp="103" pin="1"/><net_sink comp="190" pin=0"/></net>

<net id="194"><net_src comp="190" pin="1"/><net_sink comp="137" pin=1"/></net>

<net id="198"><net_src comp="120" pin="2"/><net_sink comp="195" pin=0"/></net>

<net id="202"><net_src comp="74" pin="2"/><net_sink comp="199" pin=0"/></net>

<net id="203"><net_src comp="199" pin="1"/><net_sink comp="149" pin=0"/></net>

<net id="207"><net_src comp="79" pin="2"/><net_sink comp="204" pin=0"/></net>

<net id="208"><net_src comp="204" pin="1"/><net_sink comp="153" pin=0"/></net>

<net id="212"><net_src comp="149" pin="1"/><net_sink comp="209" pin=0"/></net>

<net id="213"><net_src comp="209" pin="1"/><net_sink comp="95" pin=0"/></net>

<net id="217"><net_src comp="153" pin="1"/><net_sink comp="214" pin=0"/></net>

<net id="218"><net_src comp="214" pin="1"/><net_sink comp="95" pin=1"/></net>

<net id="222"><net_src comp="95" pin="2"/><net_sink comp="219" pin=0"/></net>

<net id="223"><net_src comp="219" pin="1"/><net_sink comp="91" pin=0"/></net>

<net id="227"><net_src comp="157" pin="1"/><net_sink comp="224" pin=0"/></net>

<net id="228"><net_src comp="224" pin="1"/><net_sink comp="91" pin=1"/></net>

</net_list>

</model> 
---------------- Datapath Model END ------------------

* FSMD analyzer results:
  - Output states:
	Port: tmp1_out | {11 }
 - Input state : 
	Port: test_scalaire_Pipeline_main_loop : bus_B | {2 }
	Port: test_scalaire_Pipeline_main_loop : sext_ln13_1 | {1 }
	Port: test_scalaire_Pipeline_main_loop : bus_A | {2 }
	Port: test_scalaire_Pipeline_main_loop : sext_ln13 | {1 }
  - Chain level:
	State 1
		store_ln0 : 1
		store_ln0 : 1
		i_1 : 1
		icmp_ln13 : 2
		add_ln13 : 2
		br_ln13 : 3
		store_ln13 : 3
	State 2
		bus_A_addr_read : 1
		bus_B_addr_read : 1
	State 3
		tmp2 : 1
	State 4
	State 5
	State 6
	State 7
	State 8
	State 9
	State 10
	State 11
		tmp1_1 : 1
		write_ln0 : 1
	State 12
	State 13
	State 14
	State 15
	State 16
	State 17
	State 18
	State 19
	State 20
		store_ln18 : 1


============================================================
+ Verbose Summary: Datapath Resource usage 
============================================================

* Functional unit list:
|----------|-----------------------------|---------|---------|---------|
| Operation|       Functional Unit       |   DSP   |    FF   |   LUT   |
|----------|-----------------------------|---------|---------|---------|
|   fadd   |          grp_fu_91          |    2    |   365   |   421   |
|----------|-----------------------------|---------|---------|---------|
|   fmul   |          grp_fu_95          |    3    |   199   |   324   |
|----------|-----------------------------|---------|---------|---------|
|    add   |       add_ln13_fu_126       |    0    |    0    |    14   |
|----------|-----------------------------|---------|---------|---------|
|   icmp   |       icmp_ln13_fu_120      |    0    |    0    |    11   |
|----------|-----------------------------|---------|---------|---------|
|          |  sext_ln13_read_read_fu_62  |    0    |    0    |    0    |
|   read   | sext_ln13_1_read_read_fu_68 |    0    |    0    |    0    |
|          |  bus_A_addr_read_read_fu_74 |    0    |    0    |    0    |
|          |  bus_B_addr_read_read_fu_79 |    0    |    0    |    0    |
|----------|-----------------------------|---------|---------|---------|
|   write  |    write_ln0_write_fu_84    |    0    |    0    |    0    |
|----------|-----------------------------|---------|---------|---------|
|   sext   |     sext_ln13_cast_fu_99    |    0    |    0    |    0    |
|          |   sext_ln13_1_cast_fu_103   |    0    |    0    |    0    |
|----------|-----------------------------|---------|---------|---------|
|   Total  |                             |    5    |   564   |   770   |
|----------|-----------------------------|---------|---------|---------|

Memories:
N/A

* Register list:
+------------------------+--------+
|                        |   FF   |
+------------------------+--------+
| bitcast_ln17_1_reg_214 |   32   |
|  bitcast_ln17_reg_209  |   32   |
| bus_A_addr_read_reg_199|   32   |
| bus_B_addr_read_reg_204|   32   |
|        i_reg_178       |    9   |
|    icmp_ln13_reg_195   |    1   |
|sext_ln13_1_cast_reg_190|   32   |
| sext_ln13_cast_reg_185 |   32   |
|    tmp1_load_reg_224   |   32   |
|      tmp1_reg_170      |   32   |
|      tmp2_reg_219      |   32   |
+------------------------+--------+
|          Total         |   298  |
+------------------------+--------+

* Multiplexer (MUX) list: 
|-----------|------|------|------|--------||---------||---------|
|    Comp   |  Pin | Size |  BW  | S x BW ||  Delay  ||   LUT   |
|-----------|------|------|------|--------||---------||---------|
| grp_fu_91 |  p1  |   2  |  32  |   64   ||    9    |
| grp_fu_95 |  p0  |   2  |  32  |   64   ||    9    |
| grp_fu_95 |  p1  |   2  |  32  |   64   ||    9    |
|-----------|------|------|------|--------||---------||---------|
|   Total   |      |      |      |   192  ||  4.764  ||    27   |
|-----------|------|------|------|--------||---------||---------|



* Summary:
+-----------+--------+--------+--------+--------+
|           |   DSP  |  Delay |   FF   |   LUT  |
+-----------+--------+--------+--------+--------+
|  Function |    5   |    -   |   564  |   770  |
|   Memory  |    -   |    -   |    -   |    -   |
|Multiplexer|    -   |    4   |    -   |   27   |
|  Register |    -   |    -   |   298  |    -   |
+-----------+--------+--------+--------+--------+
|   Total   |    5   |    4   |   862  |   797  |
+-----------+--------+--------+--------+--------+
