

================================================================
== Vitis HLS Report for 'test_scalaire'
================================================================
* Date:           Mon Jan 24 01:56:49 2022

* Version:        2021.1 (Build 3247384 on Thu Jun 10 19:36:33 MDT 2021)
* Project:        mk1
* Solution:       solution1 (Vivado IP Flow Target)
* Product family: zynq
* Target device:  xc7z010-clg400-1


================================================================
== Performance Estimates
================================================================
+ Timing: 
    * Summary: 
    +--------+---------+----------+------------+
    |  Clock |  Target | Estimated| Uncertainty|
    +--------+---------+----------+------------+
    |ap_clk  |  5.00 ns|  4.944 ns|     1.35 ns|
    +--------+---------+----------+------------+

+ Latency: 
    * Summary: 
    +---------+---------+-----------+-----------+------+------+---------+
    |  Latency (cycles) |   Latency (absolute)  |   Interval  | Pipeline|
    |   min   |   max   |    min    |    max    |  min |  max |   Type  |
    +---------+---------+-----------+-----------+------+------+---------+
    |     2344|     2344|  11.720 us|  11.720 us|  2345|  2345|       no|
    +---------+---------+-----------+-----------+------+------+---------+

    + Detail: 
        * Instance: 
        N/A

        * Loop: 
        N/A

============================================================
+ Verbose Summary: Synthesis Manager
============================================================
InlineROM: 1
ExposeGlobal: 0
============================================================
+ Verbose Summary: CDFG Model
============================================================
IsTopModel: 1
ResetActiveHigh: 1
IsCombinational: 0
IsDatapathOnly: 0
HasWiredReturn: 1
HasMFsm: 0
HasVarLatency: 1
IsPipeline: 0
IsRtlPipelined: 0
IsInstanceOverlapped: 0
IsDontTouch: 0
HasImplIP: 0
IsGatedGlobalClock: 0


============================================================
+ Verbose Summary: Schedule
============================================================
* Number of FSM states : 19
* Pipeline : 0
* Dataflow Pipeline: 0

* FSM state transitions: 
1 --> 2 
2 --> 3 
3 --> 4 
4 --> 5 
5 --> 6 
6 --> 7 
7 --> 8 
8 --> 9 
9 --> 10 
10 --> 11 
11 --> 12 
12 --> 13 
13 --> 14 
14 --> 15 
15 --> 16 
16 --> 17 
17 --> 18 
18 --> 19 
19 --> 

* FSM state operations: 

State 1 <SV = 0> <Delay = 3.55>
ST_1 : Operation 20 [1/1] (1.00ns)   --->   "%res_read = read i32 @_ssdm_op_Read.s_axilite.i32, i32 %res"   --->   Operation 20 'read' 'res_read' <Predicate = true> <Delay = 1.00> <CoreInst = "s_axilite">   --->   Core 114 's_axilite' <Latency = 0> <II = 1> <Delay = 1.00> <Adapter> <Opcode : 'read' 'write'>
ST_1 : Operation 21 [1/1] (1.00ns)   --->   "%B_read = read i32 @_ssdm_op_Read.s_axilite.i32, i32 %B"   --->   Operation 21 'read' 'B_read' <Predicate = true> <Delay = 1.00> <CoreInst = "s_axilite">   --->   Core 114 's_axilite' <Latency = 0> <II = 1> <Delay = 1.00> <Adapter> <Opcode : 'read' 'write'>
ST_1 : Operation 22 [1/1] (1.00ns)   --->   "%A_read = read i32 @_ssdm_op_Read.s_axilite.i32, i32 %A"   --->   Operation 22 'read' 'A_read' <Predicate = true> <Delay = 1.00> <CoreInst = "s_axilite">   --->   Core 114 's_axilite' <Latency = 0> <II = 1> <Delay = 1.00> <Adapter> <Opcode : 'read' 'write'>
ST_1 : Operation 23 [1/1] (0.00ns)   --->   "%tmp1_loc = alloca i32 1"   --->   Operation 23 'alloca' 'tmp1_loc' <Predicate = true> <Delay = 0.00>
ST_1 : Operation 24 [1/1] (0.00ns)   --->   "%trunc_ln = partselect i30 @_ssdm_op_PartSelect.i30.i32.i32.i32, i32 %A_read, i32 2, i32 31" [mk1/test4.c:13]   --->   Operation 24 'partselect' 'trunc_ln' <Predicate = true> <Delay = 0.00>
ST_1 : Operation 25 [1/1] (0.00ns)   --->   "%trunc_ln13_1 = partselect i30 @_ssdm_op_PartSelect.i30.i32.i32.i32, i32 %B_read, i32 2, i32 31" [mk1/test4.c:13]   --->   Operation 25 'partselect' 'trunc_ln13_1' <Predicate = true> <Delay = 0.00>
ST_1 : Operation 26 [1/1] (0.00ns)   --->   "%trunc_ln1 = partselect i30 @_ssdm_op_PartSelect.i30.i32.i32.i32, i32 %res_read, i32 2, i32 31" [mk1/test4.c:21]   --->   Operation 26 'partselect' 'trunc_ln1' <Predicate = true> <Delay = 0.00>
ST_1 : Operation 27 [1/1] (2.55ns)   --->   "%add_ln25 = add i32 %res_read, i32 32" [mk1/test4.c:25]   --->   Operation 27 'add' 'add_ln25' <Predicate = true> <Delay = 2.55> <CoreInst = "Adder">   --->   Core 1 'Adder' <Latency = 0> <II = 1> <Delay = 2.55> <FuncUnit> <Opcode : 'add' 'sub'> <InPorts = 2> <OutPorts = 1>
ST_1 : Operation 28 [1/1] (0.00ns)   --->   "%trunc_ln2 = partselect i30 @_ssdm_op_PartSelect.i30.i32.i32.i32, i32 %add_ln25, i32 2, i32 31" [mk1/test4.c:25]   --->   Operation 28 'partselect' 'trunc_ln2' <Predicate = true> <Delay = 0.00>

State 2 <SV = 1> <Delay = 3.65>
ST_2 : Operation 29 [1/1] (0.00ns)   --->   "%sext_ln13 = sext i30 %trunc_ln" [mk1/test4.c:13]   --->   Operation 29 'sext' 'sext_ln13' <Predicate = true> <Delay = 0.00>
ST_2 : Operation 30 [1/1] (0.00ns)   --->   "%bus_A_addr = getelementptr i32 %bus_A, i32 %sext_ln13" [mk1/test4.c:13]   --->   Operation 30 'getelementptr' 'bus_A_addr' <Predicate = true> <Delay = 0.00>
ST_2 : Operation 31 [7/7] (3.65ns)   --->   "%empty = readreq i1 @_ssdm_op_ReadReq.m_axi.p1i32, i32 %bus_A_addr, i32 256" [mk1/test4.c:13]   --->   Operation 31 'readreq' 'empty' <Predicate = true> <Delay = 3.65> <CoreInst = "m_axi">   --->   Core 113 'm_axi' <Latency = 5> <II = 1> <Delay = 1.00> <Adapter> <Opcode : 'read' 'write' 'readreq' 'writereq' 'writeresp'>
ST_2 : Operation 32 [1/1] (0.00ns)   --->   "%sext_ln13_1 = sext i30 %trunc_ln13_1" [mk1/test4.c:13]   --->   Operation 32 'sext' 'sext_ln13_1' <Predicate = true> <Delay = 0.00>
ST_2 : Operation 33 [1/1] (0.00ns)   --->   "%bus_B_addr = getelementptr i32 %bus_B, i32 %sext_ln13_1" [mk1/test4.c:13]   --->   Operation 33 'getelementptr' 'bus_B_addr' <Predicate = true> <Delay = 0.00>
ST_2 : Operation 34 [7/7] (3.65ns)   --->   "%empty_20 = readreq i1 @_ssdm_op_ReadReq.m_axi.p1i32, i32 %bus_B_addr, i32 256" [mk1/test4.c:13]   --->   Operation 34 'readreq' 'empty_20' <Predicate = true> <Delay = 3.65> <CoreInst = "m_axi">   --->   Core 113 'm_axi' <Latency = 5> <II = 1> <Delay = 1.00> <Adapter> <Opcode : 'read' 'write' 'readreq' 'writereq' 'writeresp'>

State 3 <SV = 2> <Delay = 3.65>
ST_3 : Operation 35 [6/7] (3.65ns)   --->   "%empty = readreq i1 @_ssdm_op_ReadReq.m_axi.p1i32, i32 %bus_A_addr, i32 256" [mk1/test4.c:13]   --->   Operation 35 'readreq' 'empty' <Predicate = true> <Delay = 3.65> <CoreInst = "m_axi">   --->   Core 113 'm_axi' <Latency = 5> <II = 1> <Delay = 1.00> <Adapter> <Opcode : 'read' 'write' 'readreq' 'writereq' 'writeresp'>
ST_3 : Operation 36 [6/7] (3.65ns)   --->   "%empty_20 = readreq i1 @_ssdm_op_ReadReq.m_axi.p1i32, i32 %bus_B_addr, i32 256" [mk1/test4.c:13]   --->   Operation 36 'readreq' 'empty_20' <Predicate = true> <Delay = 3.65> <CoreInst = "m_axi">   --->   Core 113 'm_axi' <Latency = 5> <II = 1> <Delay = 1.00> <Adapter> <Opcode : 'read' 'write' 'readreq' 'writereq' 'writeresp'>

State 4 <SV = 3> <Delay = 3.65>
ST_4 : Operation 37 [5/7] (3.65ns)   --->   "%empty = readreq i1 @_ssdm_op_ReadReq.m_axi.p1i32, i32 %bus_A_addr, i32 256" [mk1/test4.c:13]   --->   Operation 37 'readreq' 'empty' <Predicate = true> <Delay = 3.65> <CoreInst = "m_axi">   --->   Core 113 'm_axi' <Latency = 5> <II = 1> <Delay = 1.00> <Adapter> <Opcode : 'read' 'write' 'readreq' 'writereq' 'writeresp'>
ST_4 : Operation 38 [5/7] (3.65ns)   --->   "%empty_20 = readreq i1 @_ssdm_op_ReadReq.m_axi.p1i32, i32 %bus_B_addr, i32 256" [mk1/test4.c:13]   --->   Operation 38 'readreq' 'empty_20' <Predicate = true> <Delay = 3.65> <CoreInst = "m_axi">   --->   Core 113 'm_axi' <Latency = 5> <II = 1> <Delay = 1.00> <Adapter> <Opcode : 'read' 'write' 'readreq' 'writereq' 'writeresp'>

State 5 <SV = 4> <Delay = 3.65>
ST_5 : Operation 39 [4/7] (3.65ns)   --->   "%empty = readreq i1 @_ssdm_op_ReadReq.m_axi.p1i32, i32 %bus_A_addr, i32 256" [mk1/test4.c:13]   --->   Operation 39 'readreq' 'empty' <Predicate = true> <Delay = 3.65> <CoreInst = "m_axi">   --->   Core 113 'm_axi' <Latency = 5> <II = 1> <Delay = 1.00> <Adapter> <Opcode : 'read' 'write' 'readreq' 'writereq' 'writeresp'>
ST_5 : Operation 40 [4/7] (3.65ns)   --->   "%empty_20 = readreq i1 @_ssdm_op_ReadReq.m_axi.p1i32, i32 %bus_B_addr, i32 256" [mk1/test4.c:13]   --->   Operation 40 'readreq' 'empty_20' <Predicate = true> <Delay = 3.65> <CoreInst = "m_axi">   --->   Core 113 'm_axi' <Latency = 5> <II = 1> <Delay = 1.00> <Adapter> <Opcode : 'read' 'write' 'readreq' 'writereq' 'writeresp'>

State 6 <SV = 5> <Delay = 3.65>
ST_6 : Operation 41 [3/7] (3.65ns)   --->   "%empty = readreq i1 @_ssdm_op_ReadReq.m_axi.p1i32, i32 %bus_A_addr, i32 256" [mk1/test4.c:13]   --->   Operation 41 'readreq' 'empty' <Predicate = true> <Delay = 3.65> <CoreInst = "m_axi">   --->   Core 113 'm_axi' <Latency = 5> <II = 1> <Delay = 1.00> <Adapter> <Opcode : 'read' 'write' 'readreq' 'writereq' 'writeresp'>
ST_6 : Operation 42 [3/7] (3.65ns)   --->   "%empty_20 = readreq i1 @_ssdm_op_ReadReq.m_axi.p1i32, i32 %bus_B_addr, i32 256" [mk1/test4.c:13]   --->   Operation 42 'readreq' 'empty_20' <Predicate = true> <Delay = 3.65> <CoreInst = "m_axi">   --->   Core 113 'm_axi' <Latency = 5> <II = 1> <Delay = 1.00> <Adapter> <Opcode : 'read' 'write' 'readreq' 'writereq' 'writeresp'>

State 7 <SV = 6> <Delay = 3.65>
ST_7 : Operation 43 [2/7] (3.65ns)   --->   "%empty = readreq i1 @_ssdm_op_ReadReq.m_axi.p1i32, i32 %bus_A_addr, i32 256" [mk1/test4.c:13]   --->   Operation 43 'readreq' 'empty' <Predicate = true> <Delay = 3.65> <CoreInst = "m_axi">   --->   Core 113 'm_axi' <Latency = 5> <II = 1> <Delay = 1.00> <Adapter> <Opcode : 'read' 'write' 'readreq' 'writereq' 'writeresp'>
ST_7 : Operation 44 [2/7] (3.65ns)   --->   "%empty_20 = readreq i1 @_ssdm_op_ReadReq.m_axi.p1i32, i32 %bus_B_addr, i32 256" [mk1/test4.c:13]   --->   Operation 44 'readreq' 'empty_20' <Predicate = true> <Delay = 3.65> <CoreInst = "m_axi">   --->   Core 113 'm_axi' <Latency = 5> <II = 1> <Delay = 1.00> <Adapter> <Opcode : 'read' 'write' 'readreq' 'writereq' 'writeresp'>

State 8 <SV = 7> <Delay = 3.65>
ST_8 : Operation 45 [1/7] (3.65ns)   --->   "%empty = readreq i1 @_ssdm_op_ReadReq.m_axi.p1i32, i32 %bus_A_addr, i32 256" [mk1/test4.c:13]   --->   Operation 45 'readreq' 'empty' <Predicate = true> <Delay = 3.65> <CoreInst = "m_axi">   --->   Core 113 'm_axi' <Latency = 5> <II = 1> <Delay = 1.00> <Adapter> <Opcode : 'read' 'write' 'readreq' 'writereq' 'writeresp'>
ST_8 : Operation 46 [1/7] (3.65ns)   --->   "%empty_20 = readreq i1 @_ssdm_op_ReadReq.m_axi.p1i32, i32 %bus_B_addr, i32 256" [mk1/test4.c:13]   --->   Operation 46 'readreq' 'empty_20' <Predicate = true> <Delay = 3.65> <CoreInst = "m_axi">   --->   Core 113 'm_axi' <Latency = 5> <II = 1> <Delay = 1.00> <Adapter> <Opcode : 'read' 'write' 'readreq' 'writereq' 'writeresp'>

State 9 <SV = 8> <Delay = 0.00>
ST_9 : Operation 47 [2/2] (0.00ns)   --->   "%call_ln13 = call void @test_scalaire_Pipeline_main_loop, i32 %bus_B, i30 %trunc_ln13_1, i32 %bus_A, i30 %trunc_ln, i32 %tmp1_loc" [mk1/test4.c:13]   --->   Operation 47 'call' 'call_ln13' <Predicate = true> <Delay = 0.00> <CoreType = "Generic">   --->   Core 0 '' <Latency = 0> <II = 1> <Delay = 1.00> <Generic> <Opcode : >

State 10 <SV = 9> <Delay = 3.65>
ST_10 : Operation 48 [1/2] (0.00ns)   --->   "%call_ln13 = call void @test_scalaire_Pipeline_main_loop, i32 %bus_B, i30 %trunc_ln13_1, i32 %bus_A, i30 %trunc_ln, i32 %tmp1_loc" [mk1/test4.c:13]   --->   Operation 48 'call' 'call_ln13' <Predicate = true> <Delay = 0.00> <CoreType = "Generic">   --->   Core 0 '' <Latency = 0> <II = 1> <Delay = 1.00> <Generic> <Opcode : >
ST_10 : Operation 49 [1/1] (0.00ns)   --->   "%sext_ln21 = sext i30 %trunc_ln1" [mk1/test4.c:21]   --->   Operation 49 'sext' 'sext_ln21' <Predicate = true> <Delay = 0.00>
ST_10 : Operation 50 [1/1] (0.00ns)   --->   "%bus_res_addr = getelementptr i32 %bus_res, i32 %sext_ln21" [mk1/test4.c:21]   --->   Operation 50 'getelementptr' 'bus_res_addr' <Predicate = true> <Delay = 0.00>
ST_10 : Operation 51 [1/1] (3.65ns)   --->   "%empty_21 = writereq i1 @_ssdm_op_WriteReq.m_axi.p1i32, i32 %bus_res_addr, i32 8" [mk1/test4.c:21]   --->   Operation 51 'writereq' 'empty_21' <Predicate = true> <Delay = 3.65> <CoreInst = "m_axi">   --->   Core 113 'm_axi' <Latency = 5> <II = 1> <Delay = 1.00> <Adapter> <Opcode : 'read' 'write' 'readreq' 'writereq' 'writeresp'>

State 11 <SV = 10> <Delay = 0.00>
ST_11 : Operation 52 [1/1] (0.00ns)   --->   "%tmp1_loc_load = load i32 %tmp1_loc"   --->   Operation 52 'load' 'tmp1_loc_load' <Predicate = true> <Delay = 0.00>
ST_11 : Operation 53 [1/1] (0.00ns)   --->   "%bitcast_ln23 = bitcast i32 %tmp1_loc_load" [mk1/test4.c:23]   --->   Operation 53 'bitcast' 'bitcast_ln23' <Predicate = true> <Delay = 0.00>
ST_11 : Operation 54 [2/2] (0.00ns)   --->   "%call_ln21 = call void @test_scalaire_Pipeline_VITIS_LOOP_21_1, i32 %bus_res, i30 %trunc_ln1, i32 %bitcast_ln23" [mk1/test4.c:21]   --->   Operation 54 'call' 'call_ln21' <Predicate = true> <Delay = 0.00> <CoreType = "Generic">   --->   Core 0 '' <Latency = 0> <II = 1> <Delay = 1.00> <Generic> <Opcode : >

State 12 <SV = 11> <Delay = 0.00>
ST_12 : Operation 55 [1/2] (0.00ns)   --->   "%call_ln21 = call void @test_scalaire_Pipeline_VITIS_LOOP_21_1, i32 %bus_res, i30 %trunc_ln1, i32 %bitcast_ln23" [mk1/test4.c:21]   --->   Operation 55 'call' 'call_ln21' <Predicate = true> <Delay = 0.00> <CoreType = "Generic">   --->   Core 0 '' <Latency = 0> <II = 1> <Delay = 1.00> <Generic> <Opcode : >

State 13 <SV = 12> <Delay = 3.65>
ST_13 : Operation 56 [5/5] (3.65ns)   --->   "%empty_22 = writeresp i1 @_ssdm_op_WriteResp.m_axi.p1i32, i32 %bus_res_addr" [mk1/test4.c:25]   --->   Operation 56 'writeresp' 'empty_22' <Predicate = true> <Delay = 3.65> <CoreInst = "m_axi">   --->   Core 113 'm_axi' <Latency = 3> <II = 1> <Delay = 1.00> <Adapter> <Opcode : 'read' 'write' 'readreq' 'writereq' 'writeresp'>
ST_13 : Operation 57 [1/1] (0.00ns)   --->   "%sext_ln25 = sext i30 %trunc_ln2" [mk1/test4.c:25]   --->   Operation 57 'sext' 'sext_ln25' <Predicate = true> <Delay = 0.00>
ST_13 : Operation 58 [1/1] (0.00ns)   --->   "%bus_res_addr_1 = getelementptr i32 %bus_res, i32 %sext_ln25" [mk1/test4.c:25]   --->   Operation 58 'getelementptr' 'bus_res_addr_1' <Predicate = true> <Delay = 0.00>
ST_13 : Operation 59 [1/1] (3.65ns)   --->   "%bus_res_addr_1_req = writereq i1 @_ssdm_op_WriteReq.m_axi.i32P1A, i32 %bus_res_addr_1, i32 1" [mk1/test4.c:25]   --->   Operation 59 'writereq' 'bus_res_addr_1_req' <Predicate = true> <Delay = 3.65> <CoreInst = "m_axi">   --->   Core 113 'm_axi' <Latency = 5> <II = 1> <Delay = 1.00> <Adapter> <Opcode : 'read' 'write' 'readreq' 'writereq' 'writeresp'>

State 14 <SV = 13> <Delay = 3.65>
ST_14 : Operation 60 [4/5] (3.65ns)   --->   "%empty_22 = writeresp i1 @_ssdm_op_WriteResp.m_axi.p1i32, i32 %bus_res_addr" [mk1/test4.c:25]   --->   Operation 60 'writeresp' 'empty_22' <Predicate = true> <Delay = 3.65> <CoreInst = "m_axi">   --->   Core 113 'm_axi' <Latency = 3> <II = 1> <Delay = 1.00> <Adapter> <Opcode : 'read' 'write' 'readreq' 'writereq' 'writeresp'>
ST_14 : Operation 61 [1/1] (3.65ns)   --->   "%write_ln25 = write void @_ssdm_op_Write.m_axi.i32P1A, i32 %bus_res_addr_1, i32 1191116800, i4 15" [mk1/test4.c:25]   --->   Operation 61 'write' 'write_ln25' <Predicate = true> <Delay = 3.65> <CoreInst = "m_axi">   --->   Core 113 'm_axi' <Latency = 6> <II = 1> <Delay = 1.00> <Adapter> <Opcode : 'read' 'write' 'readreq' 'writereq' 'writeresp'>

State 15 <SV = 14> <Delay = 3.65>
ST_15 : Operation 62 [3/5] (3.65ns)   --->   "%empty_22 = writeresp i1 @_ssdm_op_WriteResp.m_axi.p1i32, i32 %bus_res_addr" [mk1/test4.c:25]   --->   Operation 62 'writeresp' 'empty_22' <Predicate = true> <Delay = 3.65> <CoreInst = "m_axi">   --->   Core 113 'm_axi' <Latency = 3> <II = 1> <Delay = 1.00> <Adapter> <Opcode : 'read' 'write' 'readreq' 'writereq' 'writeresp'>
ST_15 : Operation 63 [5/5] (3.65ns)   --->   "%bus_res_addr_1_resp = writeresp i1 @_ssdm_op_WriteResp.m_axi.i32P1A, i32 %bus_res_addr_1" [mk1/test4.c:25]   --->   Operation 63 'writeresp' 'bus_res_addr_1_resp' <Predicate = true> <Delay = 3.65> <CoreInst = "m_axi">   --->   Core 113 'm_axi' <Latency = 3> <II = 1> <Delay = 1.00> <Adapter> <Opcode : 'read' 'write' 'readreq' 'writereq' 'writeresp'>

State 16 <SV = 15> <Delay = 3.65>
ST_16 : Operation 64 [2/5] (3.65ns)   --->   "%empty_22 = writeresp i1 @_ssdm_op_WriteResp.m_axi.p1i32, i32 %bus_res_addr" [mk1/test4.c:25]   --->   Operation 64 'writeresp' 'empty_22' <Predicate = true> <Delay = 3.65> <CoreInst = "m_axi">   --->   Core 113 'm_axi' <Latency = 3> <II = 1> <Delay = 1.00> <Adapter> <Opcode : 'read' 'write' 'readreq' 'writereq' 'writeresp'>
ST_16 : Operation 65 [4/5] (3.65ns)   --->   "%bus_res_addr_1_resp = writeresp i1 @_ssdm_op_WriteResp.m_axi.i32P1A, i32 %bus_res_addr_1" [mk1/test4.c:25]   --->   Operation 65 'writeresp' 'bus_res_addr_1_resp' <Predicate = true> <Delay = 3.65> <CoreInst = "m_axi">   --->   Core 113 'm_axi' <Latency = 3> <II = 1> <Delay = 1.00> <Adapter> <Opcode : 'read' 'write' 'readreq' 'writereq' 'writeresp'>

State 17 <SV = 16> <Delay = 3.65>
ST_17 : Operation 66 [1/5] (3.65ns)   --->   "%empty_22 = writeresp i1 @_ssdm_op_WriteResp.m_axi.p1i32, i32 %bus_res_addr" [mk1/test4.c:25]   --->   Operation 66 'writeresp' 'empty_22' <Predicate = true> <Delay = 3.65> <CoreInst = "m_axi">   --->   Core 113 'm_axi' <Latency = 3> <II = 1> <Delay = 1.00> <Adapter> <Opcode : 'read' 'write' 'readreq' 'writereq' 'writeresp'>
ST_17 : Operation 67 [3/5] (3.65ns)   --->   "%bus_res_addr_1_resp = writeresp i1 @_ssdm_op_WriteResp.m_axi.i32P1A, i32 %bus_res_addr_1" [mk1/test4.c:25]   --->   Operation 67 'writeresp' 'bus_res_addr_1_resp' <Predicate = true> <Delay = 3.65> <CoreInst = "m_axi">   --->   Core 113 'm_axi' <Latency = 3> <II = 1> <Delay = 1.00> <Adapter> <Opcode : 'read' 'write' 'readreq' 'writereq' 'writeresp'>

State 18 <SV = 17> <Delay = 3.65>
ST_18 : Operation 68 [2/5] (3.65ns)   --->   "%bus_res_addr_1_resp = writeresp i1 @_ssdm_op_WriteResp.m_axi.i32P1A, i32 %bus_res_addr_1" [mk1/test4.c:25]   --->   Operation 68 'writeresp' 'bus_res_addr_1_resp' <Predicate = true> <Delay = 3.65> <CoreInst = "m_axi">   --->   Core 113 'm_axi' <Latency = 3> <II = 1> <Delay = 1.00> <Adapter> <Opcode : 'read' 'write' 'readreq' 'writereq' 'writeresp'>

State 19 <SV = 18> <Delay = 3.65>
ST_19 : Operation 69 [1/1] (0.00ns)   --->   "%spectopmodule_ln0 = spectopmodule void @_ssdm_op_SpecTopModule, void @empty_12"   --->   Operation 69 'spectopmodule' 'spectopmodule_ln0' <Predicate = true> <Delay = 0.00>
ST_19 : Operation 70 [1/1] (0.00ns)   --->   "%specinterface_ln0 = specinterface void @_ssdm_op_SpecInterface, i32 %bus_A, void @empty, i32 0, i32 0, void @empty_0, i32 0, i32 0, void @empty_1, void @empty_2, void @empty_0, i32 16, i32 16, i32 16, i32 16, void @empty_0, void @empty_0"   --->   Operation 70 'specinterface' 'specinterface_ln0' <Predicate = true> <Delay = 0.00>
ST_19 : Operation 71 [1/1] (0.00ns)   --->   "%specbitsmap_ln0 = specbitsmap void @_ssdm_op_SpecBitsMap, i32 %bus_A"   --->   Operation 71 'specbitsmap' 'specbitsmap_ln0' <Predicate = true> <Delay = 0.00>
ST_19 : Operation 72 [1/1] (0.00ns)   --->   "%specinterface_ln0 = specinterface void @_ssdm_op_SpecInterface, i32 %bus_B, void @empty, i32 0, i32 0, void @empty_0, i32 0, i32 0, void @empty_3, void @empty_2, void @empty_0, i32 16, i32 16, i32 16, i32 16, void @empty_0, void @empty_0"   --->   Operation 72 'specinterface' 'specinterface_ln0' <Predicate = true> <Delay = 0.00>
ST_19 : Operation 73 [1/1] (0.00ns)   --->   "%specbitsmap_ln0 = specbitsmap void @_ssdm_op_SpecBitsMap, i32 %bus_B"   --->   Operation 73 'specbitsmap' 'specbitsmap_ln0' <Predicate = true> <Delay = 0.00>
ST_19 : Operation 74 [1/1] (0.00ns)   --->   "%specinterface_ln0 = specinterface void @_ssdm_op_SpecInterface, i32 %bus_res, void @empty, i32 0, i32 0, void @empty_0, i32 0, i32 0, void @empty_4, void @empty_2, void @empty_0, i32 16, i32 16, i32 16, i32 16, void @empty_0, void @empty_0"   --->   Operation 74 'specinterface' 'specinterface_ln0' <Predicate = true> <Delay = 0.00>
ST_19 : Operation 75 [1/1] (0.00ns)   --->   "%specbitsmap_ln0 = specbitsmap void @_ssdm_op_SpecBitsMap, i32 %bus_res"   --->   Operation 75 'specbitsmap' 'specbitsmap_ln0' <Predicate = true> <Delay = 0.00>
ST_19 : Operation 76 [1/1] (0.00ns)   --->   "%specinterface_ln0 = specinterface void @_ssdm_op_SpecInterface, i32 %A, void @empty_5, i32 0, i32 0, void @empty_0, i32 0, i32 0, void @empty_6, void @empty_7, void @empty_0, i32 0, i32 0, i32 0, i32 0, void @empty_0, void @empty_8"   --->   Operation 76 'specinterface' 'specinterface_ln0' <Predicate = true> <Delay = 0.00>
ST_19 : Operation 77 [1/1] (0.00ns)   --->   "%specinterface_ln0 = specinterface void @_ssdm_op_SpecInterface, i32 %A, void @empty_9, i32 0, i32 0, void @empty_0, i32 0, i32 0, void @empty_0, void @empty_0, void @empty_0, i32 0, i32 0, i32 0, i32 0, void @empty_0, void @empty_8"   --->   Operation 77 'specinterface' 'specinterface_ln0' <Predicate = true> <Delay = 0.00>
ST_19 : Operation 78 [1/1] (0.00ns)   --->   "%specinterface_ln0 = specinterface void @_ssdm_op_SpecInterface, i32 %B, void @empty_5, i32 0, i32 0, void @empty_0, i32 0, i32 0, void @empty_6, void @empty_10, void @empty_0, i32 0, i32 0, i32 0, i32 0, void @empty_0, void @empty_8"   --->   Operation 78 'specinterface' 'specinterface_ln0' <Predicate = true> <Delay = 0.00>
ST_19 : Operation 79 [1/1] (0.00ns)   --->   "%specinterface_ln0 = specinterface void @_ssdm_op_SpecInterface, i32 %B, void @empty_9, i32 0, i32 0, void @empty_0, i32 0, i32 0, void @empty_0, void @empty_0, void @empty_0, i32 0, i32 0, i32 0, i32 0, void @empty_0, void @empty_8"   --->   Operation 79 'specinterface' 'specinterface_ln0' <Predicate = true> <Delay = 0.00>
ST_19 : Operation 80 [1/1] (0.00ns)   --->   "%specinterface_ln0 = specinterface void @_ssdm_op_SpecInterface, i32 %res, void @empty_5, i32 0, i32 0, void @empty_0, i32 0, i32 0, void @empty_6, void @empty_11, void @empty_0, i32 0, i32 0, i32 0, i32 0, void @empty_0, void @empty_8"   --->   Operation 80 'specinterface' 'specinterface_ln0' <Predicate = true> <Delay = 0.00>
ST_19 : Operation 81 [1/1] (0.00ns)   --->   "%specinterface_ln0 = specinterface void @_ssdm_op_SpecInterface, i32 %res, void @empty_9, i32 0, i32 0, void @empty_0, i32 0, i32 0, void @empty_0, void @empty_0, void @empty_0, i32 0, i32 0, i32 0, i32 0, void @empty_0, void @empty_8"   --->   Operation 81 'specinterface' 'specinterface_ln0' <Predicate = true> <Delay = 0.00>
ST_19 : Operation 82 [1/1] (0.00ns)   --->   "%specinterface_ln0 = specinterface void @_ssdm_op_SpecInterface, i32 0, void @empty_5, i32 0, i32 0, void @empty_0, i32 0, i32 0, void @empty_6, void @empty_0, void @empty_0, i32 0, i32 0, i32 0, i32 0, void @empty_0, void @empty_0"   --->   Operation 82 'specinterface' 'specinterface_ln0' <Predicate = true> <Delay = 0.00>
ST_19 : Operation 83 [1/5] (3.65ns)   --->   "%bus_res_addr_1_resp = writeresp i1 @_ssdm_op_WriteResp.m_axi.i32P1A, i32 %bus_res_addr_1" [mk1/test4.c:25]   --->   Operation 83 'writeresp' 'bus_res_addr_1_resp' <Predicate = true> <Delay = 3.65> <CoreInst = "m_axi">   --->   Core 113 'm_axi' <Latency = 3> <II = 1> <Delay = 1.00> <Adapter> <Opcode : 'read' 'write' 'readreq' 'writereq' 'writeresp'>
ST_19 : Operation 84 [1/1] (0.00ns)   --->   "%ret_ln26 = ret" [mk1/test4.c:26]   --->   Operation 84 'ret' 'ret_ln26' <Predicate = true> <Delay = 0.00>


============================================================
+ Verbose Summary: Timing violations
============================================================
Target clock period: 5ns, clock uncertainty: 1.35ns.

 <State 1>: 3.55ns
The critical path consists of the following:
	s_axi read operation ('res') on port 'res' [7]  (1 ns)
	'add' operation ('add_ln25', mk1/test4.c:25) [42]  (2.55 ns)

 <State 2>: 3.65ns
The critical path consists of the following:
	'getelementptr' operation ('bus_A_addr', mk1/test4.c:13) [27]  (0 ns)
	bus request operation ('empty', mk1/test4.c:13) on port 'bus_A' (mk1/test4.c:13) [28]  (3.65 ns)

 <State 3>: 3.65ns
The critical path consists of the following:
	bus request operation ('empty', mk1/test4.c:13) on port 'bus_A' (mk1/test4.c:13) [28]  (3.65 ns)

 <State 4>: 3.65ns
The critical path consists of the following:
	bus request operation ('empty', mk1/test4.c:13) on port 'bus_A' (mk1/test4.c:13) [28]  (3.65 ns)

 <State 5>: 3.65ns
The critical path consists of the following:
	bus request operation ('empty', mk1/test4.c:13) on port 'bus_A' (mk1/test4.c:13) [28]  (3.65 ns)

 <State 6>: 3.65ns
The critical path consists of the following:
	bus request operation ('empty', mk1/test4.c:13) on port 'bus_A' (mk1/test4.c:13) [28]  (3.65 ns)

 <State 7>: 3.65ns
The critical path consists of the following:
	bus request operation ('empty', mk1/test4.c:13) on port 'bus_A' (mk1/test4.c:13) [28]  (3.65 ns)

 <State 8>: 3.65ns
The critical path consists of the following:
	bus request operation ('empty', mk1/test4.c:13) on port 'bus_A' (mk1/test4.c:13) [28]  (3.65 ns)

 <State 9>: 0ns
The critical path consists of the following:

 <State 10>: 3.65ns
The critical path consists of the following:
	'getelementptr' operation ('bus_res_addr', mk1/test4.c:21) [37]  (0 ns)
	bus request operation ('empty_21', mk1/test4.c:21) on port 'bus_res' (mk1/test4.c:21) [38]  (3.65 ns)

 <State 11>: 0ns
The critical path consists of the following:

 <State 12>: 0ns
The critical path consists of the following:

 <State 13>: 3.65ns
The critical path consists of the following:
	bus response operation ('empty_22', mk1/test4.c:25) on port 'bus_res' (mk1/test4.c:25) [41]  (3.65 ns)

 <State 14>: 3.65ns
The critical path consists of the following:
	bus response operation ('empty_22', mk1/test4.c:25) on port 'bus_res' (mk1/test4.c:25) [41]  (3.65 ns)

 <State 15>: 3.65ns
The critical path consists of the following:
	bus response operation ('empty_22', mk1/test4.c:25) on port 'bus_res' (mk1/test4.c:25) [41]  (3.65 ns)

 <State 16>: 3.65ns
The critical path consists of the following:
	bus response operation ('empty_22', mk1/test4.c:25) on port 'bus_res' (mk1/test4.c:25) [41]  (3.65 ns)

 <State 17>: 3.65ns
The critical path consists of the following:
	bus response operation ('empty_22', mk1/test4.c:25) on port 'bus_res' (mk1/test4.c:25) [41]  (3.65 ns)

 <State 18>: 3.65ns
The critical path consists of the following:
	bus response operation ('bus_res_addr_1_resp', mk1/test4.c:25) on port 'bus_res' (mk1/test4.c:25) [48]  (3.65 ns)

 <State 19>: 3.65ns
The critical path consists of the following:
	bus response operation ('bus_res_addr_1_resp', mk1/test4.c:25) on port 'bus_res' (mk1/test4.c:25) [48]  (3.65 ns)


============================================================
+ Verbose Summary: Binding
============================================================
N/A
* FSMD analyzer results:
  - Output states:
 - Input state : 
  - Chain level:
	State 1
	State 2
	State 3
	State 4
	State 5
	State 6
	State 7
	State 8
	State 9
	State 10
	State 11
	State 12
	State 13
	State 14
	State 15
	State 16
	State 17
	State 18
	State 19


============================================================
+ Verbose Summary: Datapath Resource usage 
============================================================
N/A
